
> origin-crm@0.1.0 build
> next build

▲ Next.js 16.2.2 (Turbopack)
- Environments: .env.local, .env

  Creating an optimized production build ...
✓ Compiled successfully in 1733ms
  Running TypeScript ...
  Finished TypeScript in 2.2s ...
  Collecting page data using 9 workers ...
  Generating static pages using 9 workers (0/15) ...
  Generating static pages using 9 workers (3/15) 
  Generating static pages using 9 workers (7/15) 
  Generating static pages using 9 workers (11/15) 
✓ Generating static pages using 9 workers (15/15) in 294ms
  Finalizing page optimization ...

Route (app)
┌ ○ /
├ ○ /_not-found
├ ○ /analytics
├ ƒ /api/analyze
├ ○ /calendar
├ ○ /competitors
├ ○ /instagram
├ ○ /news
├ ○ /pipeline
├ ○ /reels
├ ○ /settings
├ ○ /stories
└ ○ /utms


○  (Static)   prerendered as static content
ƒ  (Dynamic)  server-rendered on demand

